# Code generated by Netspective IGS. DO NOT EDIT.


version: '3.3'
services:
  medigytxmail:
    container_name: medigy-tx-mail
    build:
      context: .
      dockerfile: Dockerfile-medigytxmail
    image: 'medigy-tx-mail:latest'
    restart: always
    ports:
      - '8163:8163'
    networks:
      - network
networks:
  network:
    external:
      name: medigytxmail
